---
source: jswt-semantics/src/globals/mod.rs
expression: resolver

---
GlobalResolver {
    symbols: GlobalSymbolsResolver {
        symbols: SymbolTable {
            scopes: [],
            table: {
                Span {
                    file: "program",
                    module: "root",
                    start: 0,
                    end: 0,
                }: Scope {
                    symbols: {
                        "Array": Class(
                            ClassBinding {
                                name: "Array",
                                fields: [],
                                methods: [],
                                constructor: None,
                            },
                        ),
                        "test": Function(
                            FunctionBinding {
                                params: [
                                    Class(
                                        "i32",
                                    ),
                                    Class(
                                        "i32",
                                    ),
                                ],
                                returns: Void,
                            },
                        ),
                        "test2": Function(
                            FunctionBinding {
                                params: [],
                                returns: Class(
                                    "Array",
                                ),
                            },
                        ),
                    },
                },
            },
        },
        stack: [],
        errors: [],
    },
}
