---
source: jswt-codegen/src/lib.rs
expression: actual

---
Module {
    globals: [],
    types: [
        FunctionType {
            params: [],
            ret: None,
        },
    ],
    imports: [],
    functions: [
        Function {
            name: "test",
            type_idx: 0,
            instructions: [
                Block(
                    0,
                    [
                        Return(
                            I32Add(
                                I32Const(
                                    1,
                                ),
                                I32Const(
                                    2,
                                ),
                            ),
                        ),
                    ],
                ),
            ],
        },
    ],
    exports: [],
}
