---
source: jswt-parser/src/lib.rs
expression: actual

---
Ast {
    program: Program {
        files: [
            File {
                span: Span {
                    file: "parse_multi_dimensional_array_type_annotation",
                    module: "module/parse_multi_dimensional_array_type_annotation",
                    start: 0,
                    end: 44,
                },
                source_elements: SourceElements {
                    span: Span {
                        file: "parse_multi_dimensional_array_type_annotation",
                        module: "module/parse_multi_dimensional_array_type_annotation",
                        start: 0,
                        end: 44,
                    },
                    source_elements: [
                        FunctionDeclaration(
                            FunctionDeclarationElement {
                                span: Span {
                                    file: "parse_multi_dimensional_array_type_annotation",
                                    module: "module/parse_multi_dimensional_array_type_annotation",
                                    start: 0,
                                    end: 44,
                                },
                                decorators: FunctionDecorators {
                                    annotations: [],
                                    export: false,
                                },
                                ident: Identifier {
                                    span: Span {
                                        file: "parse_multi_dimensional_array_type_annotation",
                                        module: "module/parse_multi_dimensional_array_type_annotation",
                                        start: 9,
                                        end: 13,
                                    },
                                    value: "exit",
                                },
                                params: FormalParameterList {
                                    span: Span {
                                        file: "parse_multi_dimensional_array_type_annotation",
                                        module: "module/parse_multi_dimensional_array_type_annotation",
                                        start: 13,
                                        end: 28,
                                    },
                                    parameters: [
                                        FormalParameterArg {
                                            span: Span {
                                                file: "parse_multi_dimensional_array_type_annotation",
                                                module: "module/parse_multi_dimensional_array_type_annotation",
                                                start: 14,
                                                end: 27,
                                            },
                                            ident: Identifier {
                                                span: Span {
                                                    file: "parse_multi_dimensional_array_type_annotation",
                                                    module: "module/parse_multi_dimensional_array_type_annotation",
                                                    start: 14,
                                                    end: 18,
                                                },
                                                value: "code",
                                            },
                                            type_annotation: TypeAnnotation {
                                                span: Span {
                                                    file: "parse_multi_dimensional_array_type_annotation",
                                                    module: "module/parse_multi_dimensional_array_type_annotation",
                                                    start: 20,
                                                    end: 27,
                                                },
                                                ty: Array(
                                                    ArrayType {
                                                        ident: Array(
                                                            ArrayType {
                                                                ident: Identifier(
                                                                    IdentifierType {
                                                                        name: "i32",
                                                                    },
                                                                ),
                                                            },
                                                        ),
                                                    },
                                                ),
                                            },
                                        },
                                    ],
                                },
                                returns: Some(
                                    TypeAnnotation {
                                        span: Span {
                                            file: "parse_multi_dimensional_array_type_annotation",
                                            module: "module/parse_multi_dimensional_array_type_annotation",
                                            start: 30,
                                            end: 40,
                                        },
                                        ty: Array(
                                            ArrayType {
                                                ident: Array(
                                                    ArrayType {
                                                        ident: Identifier(
                                                            IdentifierType {
                                                                name: "string",
                                                            },
                                                        ),
                                                    },
                                                ),
                                            },
                                        ),
                                    },
                                ),
                                body: BlockStatement {
                                    span: Span {
                                        file: "parse_multi_dimensional_array_type_annotation",
                                        module: "module/parse_multi_dimensional_array_type_annotation",
                                        start: 41,
                                        end: 44,
                                    },
                                    statements: StatementList {
                                        statements: [],
                                    },
                                },
                            },
                        ),
                    ],
                },
            },
        ],
    },
}
