---
source: jswt-parser/src/lib.rs
expression: actual

---
Ast {
    program: Program {
        files: [
            File {
                source_elements: SourceElements {
                    source_elements: [
                        Statement(
                            Variable(
                                VariableStatement {
                                    span: Span {
                                        file: "test_parse_variable_statement_with_number",
                                        module: "module/test_parse_variable_statement_with_number",
                                        start: 0,
                                        end: 11,
                                        [content]: "let x = 42;",
                                    },
                                    modifier: Let(
                                        Span {
                                            file: "test_parse_variable_statement_with_number",
                                            module: "module/test_parse_variable_statement_with_number",
                                            start: 0,
                                            end: 3,
                                            [content]: "let",
                                        },
                                    ),
                                    target: Identifier(
                                        Identifier {
                                            span: Span {
                                                file: "test_parse_variable_statement_with_number",
                                                module: "module/test_parse_variable_statement_with_number",
                                                start: 4,
                                                end: 5,
                                                [content]: "x",
                                            },
                                            value: "x",
                                        },
                                    ),
                                    expression: Literal(
                                        Integer(
                                            IntegerLiteral {
                                                span: Span {
                                                    file: "test_parse_variable_statement_with_number",
                                                    module: "module/test_parse_variable_statement_with_number",
                                                    start: 8,
                                                    end: 10,
                                                    [content]: "42",
                                                },
                                                value: 42,
                                            },
                                        ),
                                    ),
                                    type_annotation: None,
                                },
                            ),
                        ),
                    ],
                },
            },
        ],
    },
}
