---
source: jswt-parser/src/lib.rs
expression: actual

---
Ast {
    program: Program {
        files: [
            File {
                source_elements: SourceElements {
                    source_elements: [
                        Statement(
                            Empty(
                                EmptyStatement {
                                    span: Span {
                                        file: "test_parse_empty_statement",
                                        module: "module/test_parse_empty_statement",
                                        start: 0,
                                        end: 1,
                                        [content]: ";",
                                    },
                                },
                            ),
                        ),
                    ],
                },
            },
        ],
    },
}
