---
source: jswt-parser/src/lib.rs
expression: actual

---
Ast {
    program: Program {
        files: [
            File {
                span: Span {
                    file: "test_parse_empty_program",
                    module: "module/test_parse_empty_program",
                    start: 0,
                    end: 0,
                    [content]: "",
                },
                source_elements: SourceElements {
                    span: Span {
                        file: "test_parse_empty_program",
                        module: "module/test_parse_empty_program",
                        start: 0,
                        end: 0,
                        [content]: "",
                    },
                    source_elements: [],
                },
            },
        ],
    },
}
