---
source: jswt-parser/src/lib.rs
expression: actual

---
Ast {
    program: Program {
        files: [
            File {
                source_elements: SourceElements {
                    source_elements: [
                        Statement(
                            If(
                                IfStatement {
                                    span: Span {
                                        file: "test_parse_if_statement",
                                        module: "module/test_parse_if_statement",
                                        start: 0,
                                        end: 43,
                                        [content]: "if(x == y) { return 0; } else { return 1; }",
                                    },
                                    condition: Equality(
                                        BinaryExpression {
                                            span: Span {
                                                file: "test_parse_if_statement",
                                                module: "module/test_parse_if_statement",
                                                start: 3,
                                                end: 9,
                                                [content]: "x == y",
                                            },
                                            left: Identifier(
                                                IdentifierExpression {
                                                    span: Span {
                                                        file: "test_parse_if_statement",
                                                        module: "module/test_parse_if_statement",
                                                        start: 3,
                                                        end: 4,
                                                        [content]: "x",
                                                    },
                                                    ident: Identifier {
                                                        span: Span {
                                                            file: "test_parse_if_statement",
                                                            module: "module/test_parse_if_statement",
                                                            start: 3,
                                                            end: 4,
                                                            [content]: "x",
                                                        },
                                                        value: "x",
                                                    },
                                                },
                                            ),
                                            op: Equal(
                                                Span {
                                                    file: "test_parse_if_statement",
                                                    module: "module/test_parse_if_statement",
                                                    start: 5,
                                                    end: 7,
                                                    [content]: "==",
                                                },
                                            ),
                                            right: Identifier(
                                                IdentifierExpression {
                                                    span: Span {
                                                        file: "test_parse_if_statement",
                                                        module: "module/test_parse_if_statement",
                                                        start: 8,
                                                        end: 9,
                                                        [content]: "y",
                                                    },
                                                    ident: Identifier {
                                                        span: Span {
                                                            file: "test_parse_if_statement",
                                                            module: "module/test_parse_if_statement",
                                                            start: 8,
                                                            end: 9,
                                                            [content]: "y",
                                                        },
                                                        value: "y",
                                                    },
                                                },
                                            ),
                                        },
                                    ),
                                    consequence: Block(
                                        BlockStatement {
                                            span: Span {
                                                file: "test_parse_if_statement",
                                                module: "module/test_parse_if_statement",
                                                start: 11,
                                                end: 24,
                                                [content]: "{ return 0; }",
                                            },
                                            statements: StatementList {
                                                statements: [
                                                    Return(
                                                        ReturnStatement {
                                                            span: Span {
                                                                file: "test_parse_if_statement",
                                                                module: "module/test_parse_if_statement",
                                                                start: 13,
                                                                end: 22,
                                                                [content]: "return 0;",
                                                            },
                                                            expression: Literal(
                                                                Integer(
                                                                    IntegerLiteral {
                                                                        span: Span {
                                                                            file: "test_parse_if_statement",
                                                                            module: "module/test_parse_if_statement",
                                                                            start: 20,
                                                                            end: 21,
                                                                            [content]: "0",
                                                                        },
                                                                        value: 0,
                                                                    },
                                                                ),
                                                            ),
                                                        },
                                                    ),
                                                ],
                                            },
                                        },
                                    ),
                                    alternative: Some(
                                        Block(
                                            BlockStatement {
                                                span: Span {
                                                    file: "test_parse_if_statement",
                                                    module: "module/test_parse_if_statement",
                                                    start: 30,
                                                    end: 43,
                                                    [content]: "{ return 1; }",
                                                },
                                                statements: StatementList {
                                                    statements: [
                                                        Return(
                                                            ReturnStatement {
                                                                span: Span {
                                                                    file: "test_parse_if_statement",
                                                                    module: "module/test_parse_if_statement",
                                                                    start: 32,
                                                                    end: 41,
                                                                    [content]: "return 1;",
                                                                },
                                                                expression: Literal(
                                                                    Integer(
                                                                        IntegerLiteral {
                                                                            span: Span {
                                                                                file: "test_parse_if_statement",
                                                                                module: "module/test_parse_if_statement",
                                                                                start: 39,
                                                                                end: 40,
                                                                                [content]: "1",
                                                                            },
                                                                            value: 1,
                                                                        },
                                                                    ),
                                                                ),
                                                            },
                                                        ),
                                                    ],
                                                },
                                            },
                                        ),
                                    ),
                                },
                            ),
                        ),
                    ],
                },
            },
        ],
    },
}
