---
source: jswt-parser/src/lib.rs
expression: actual

---
Ast {
    program: Program {
        files: [
            File {
                source_elements: SourceElements {
                    source_elements: [
                        Statement(
                            Variable(
                                VariableStatement {
                                    span: Span {
                                        file: "test_parse_nested_math_expression_has_correct_precedence",
                                        module: "module/test_parse_nested_math_expression_has_correct_precedence",
                                        start: 0,
                                        end: 22,
                                        [content]: "let x = 3 * 2 + 1 * 0;",
                                    },
                                    modifier: Let(
                                        Span {
                                            file: "test_parse_nested_math_expression_has_correct_precedence",
                                            module: "module/test_parse_nested_math_expression_has_correct_precedence",
                                            start: 0,
                                            end: 3,
                                            [content]: "let",
                                        },
                                    ),
                                    target: Identifier(
                                        Identifier {
                                            span: Span {
                                                file: "test_parse_nested_math_expression_has_correct_precedence",
                                                module: "module/test_parse_nested_math_expression_has_correct_precedence",
                                                start: 4,
                                                end: 5,
                                                [content]: "x",
                                            },
                                            value: "x",
                                        },
                                    ),
                                    expression: Additive(
                                        BinaryExpression {
                                            span: Span {
                                                file: "test_parse_nested_math_expression_has_correct_precedence",
                                                module: "module/test_parse_nested_math_expression_has_correct_precedence",
                                                start: 8,
                                                end: 21,
                                                [content]: "3 * 2 + 1 * 0",
                                            },
                                            left: Multiplicative(
                                                BinaryExpression {
                                                    span: Span {
                                                        file: "test_parse_nested_math_expression_has_correct_precedence",
                                                        module: "module/test_parse_nested_math_expression_has_correct_precedence",
                                                        start: 8,
                                                        end: 13,
                                                        [content]: "3 * 2",
                                                    },
                                                    left: Literal(
                                                        Integer(
                                                            IntegerLiteral {
                                                                span: Span {
                                                                    file: "test_parse_nested_math_expression_has_correct_precedence",
                                                                    module: "module/test_parse_nested_math_expression_has_correct_precedence",
                                                                    start: 8,
                                                                    end: 9,
                                                                    [content]: "3",
                                                                },
                                                                value: 3,
                                                            },
                                                        ),
                                                    ),
                                                    op: Mult(
                                                        Span {
                                                            file: "test_parse_nested_math_expression_has_correct_precedence",
                                                            module: "module/test_parse_nested_math_expression_has_correct_precedence",
                                                            start: 10,
                                                            end: 11,
                                                            [content]: "*",
                                                        },
                                                    ),
                                                    right: Literal(
                                                        Integer(
                                                            IntegerLiteral {
                                                                span: Span {
                                                                    file: "test_parse_nested_math_expression_has_correct_precedence",
                                                                    module: "module/test_parse_nested_math_expression_has_correct_precedence",
                                                                    start: 12,
                                                                    end: 13,
                                                                    [content]: "2",
                                                                },
                                                                value: 2,
                                                            },
                                                        ),
                                                    ),
                                                },
                                            ),
                                            op: Plus(
                                                Span {
                                                    file: "test_parse_nested_math_expression_has_correct_precedence",
                                                    module: "module/test_parse_nested_math_expression_has_correct_precedence",
                                                    start: 14,
                                                    end: 15,
                                                    [content]: "+",
                                                },
                                            ),
                                            right: Multiplicative(
                                                BinaryExpression {
                                                    span: Span {
                                                        file: "test_parse_nested_math_expression_has_correct_precedence",
                                                        module: "module/test_parse_nested_math_expression_has_correct_precedence",
                                                        start: 16,
                                                        end: 21,
                                                        [content]: "1 * 0",
                                                    },
                                                    left: Literal(
                                                        Integer(
                                                            IntegerLiteral {
                                                                span: Span {
                                                                    file: "test_parse_nested_math_expression_has_correct_precedence",
                                                                    module: "module/test_parse_nested_math_expression_has_correct_precedence",
                                                                    start: 16,
                                                                    end: 17,
                                                                    [content]: "1",
                                                                },
                                                                value: 1,
                                                            },
                                                        ),
                                                    ),
                                                    op: Mult(
                                                        Span {
                                                            file: "test_parse_nested_math_expression_has_correct_precedence",
                                                            module: "module/test_parse_nested_math_expression_has_correct_precedence",
                                                            start: 18,
                                                            end: 19,
                                                            [content]: "*",
                                                        },
                                                    ),
                                                    right: Literal(
                                                        Integer(
                                                            IntegerLiteral {
                                                                span: Span {
                                                                    file: "test_parse_nested_math_expression_has_correct_precedence",
                                                                    module: "module/test_parse_nested_math_expression_has_correct_precedence",
                                                                    start: 20,
                                                                    end: 21,
                                                                    [content]: "0",
                                                                },
                                                                value: 0,
                                                            },
                                                        ),
                                                    ),
                                                },
                                            ),
                                        },
                                    ),
                                    type_annotation: None,
                                },
                            ),
                        ),
                    ],
                },
            },
        ],
    },
}
