---
source: jswt-parser/src/function.rs
expression: actual

---
Ast {
    program: Program {
        files: [
            File {
                span: Span {
                    file: "test_function_declaration_statement_with_two_params",
                    module: "module/test_function_declaration_statement_with_two_params",
                    start: 0,
                    end: 33,
                },
                source_elements: SourceElements {
                    span: Span {
                        file: "test_function_declaration_statement_with_two_params",
                        module: "module/test_function_declaration_statement_with_two_params",
                        start: 0,
                        end: 33,
                    },
                    source_elements: [
                        FunctionDeclaration(
                            FunctionDeclarationElement {
                                span: Span {
                                    file: "test_function_declaration_statement_with_two_params",
                                    module: "module/test_function_declaration_statement_with_two_params",
                                    start: 0,
                                    end: 33,
                                },
                                decorators: FunctionDecorators {
                                    annotations: [],
                                    export: false,
                                },
                                ident: Identifier {
                                    span: Span {
                                        file: "test_function_declaration_statement_with_two_params",
                                        module: "module/test_function_declaration_statement_with_two_params",
                                        start: 9,
                                        end: 13,
                                    },
                                    value: "name",
                                },
                                params: FormalParameterList {
                                    span: Span {
                                        file: "test_function_declaration_statement_with_two_params",
                                        module: "module/test_function_declaration_statement_with_two_params",
                                        start: 13,
                                        end: 29,
                                    },
                                    parameters: [
                                        FormalParameterArg {
                                            span: Span {
                                                file: "test_function_declaration_statement_with_two_params",
                                                module: "module/test_function_declaration_statement_with_two_params",
                                                start: 14,
                                                end: 20,
                                            },
                                            ident: Identifier {
                                                span: Span {
                                                    file: "test_function_declaration_statement_with_two_params",
                                                    module: "module/test_function_declaration_statement_with_two_params",
                                                    start: 14,
                                                    end: 15,
                                                },
                                                value: "a",
                                            },
                                            type_annotation: TypeAnnotation {
                                                span: Span {
                                                    file: "test_function_declaration_statement_with_two_params",
                                                    module: "module/test_function_declaration_statement_with_two_params",
                                                    start: 17,
                                                    end: 20,
                                                },
                                                ty: Binding(
                                                    "i32",
                                                ),
                                            },
                                        },
                                        FormalParameterArg {
                                            span: Span {
                                                file: "test_function_declaration_statement_with_two_params",
                                                module: "module/test_function_declaration_statement_with_two_params",
                                                start: 22,
                                                end: 28,
                                            },
                                            ident: Identifier {
                                                span: Span {
                                                    file: "test_function_declaration_statement_with_two_params",
                                                    module: "module/test_function_declaration_statement_with_two_params",
                                                    start: 22,
                                                    end: 23,
                                                },
                                                value: "b",
                                            },
                                            type_annotation: TypeAnnotation {
                                                span: Span {
                                                    file: "test_function_declaration_statement_with_two_params",
                                                    module: "module/test_function_declaration_statement_with_two_params",
                                                    start: 25,
                                                    end: 28,
                                                },
                                                ty: Binding(
                                                    "f32",
                                                ),
                                            },
                                        },
                                    ],
                                },
                                returns: None,
                                body: BlockStatement {
                                    span: Span {
                                        file: "test_function_declaration_statement_with_two_params",
                                        module: "module/test_function_declaration_statement_with_two_params",
                                        start: 30,
                                        end: 33,
                                    },
                                    statements: StatementList {
                                        statements: [],
                                    },
                                },
                            },
                        ),
                    ],
                },
            },
        ],
    },
}
