---
source: jswt-parser/src/lib.rs
expression: actual

---
Ast {
    program: Program {
        files: [
            File {
                span: Span {
                    file: "test_parse_array_literal",
                    module: "module/test_parse_array_literal",
                    start: 0,
                    end: 21,
                },
                source_elements: SourceElements {
                    span: Span {
                        file: "test_parse_array_literal",
                        module: "module/test_parse_array_literal",
                        start: 0,
                        end: 21,
                    },
                    source_elements: [
                        Statement(
                            Expression(
                                ExpressionStatement {
                                    span: Span {
                                        file: "test_parse_array_literal",
                                        module: "module/test_parse_array_literal",
                                        start: 0,
                                        end: 21,
                                    },
                                    expression: Literal(
                                        Array(
                                            ArrayLiteral {
                                                span: Span {
                                                    file: "test_parse_array_literal",
                                                    module: "module/test_parse_array_literal",
                                                    start: 0,
                                                    end: 20,
                                                },
                                                elements: [
                                                    Unary(
                                                        UnaryExpression {
                                                            span: Span {
                                                                file: "test_parse_array_literal",
                                                                module: "module/test_parse_array_literal",
                                                                start: 1,
                                                                end: 3,
                                                            },
                                                            op: Minus(
                                                                Span {
                                                                    file: "test_parse_array_literal",
                                                                    module: "module/test_parse_array_literal",
                                                                    start: 1,
                                                                    end: 2,
                                                                },
                                                            ),
                                                            expr: Literal(
                                                                Integer(
                                                                    IntegerLiteral {
                                                                        span: Span {
                                                                            file: "test_parse_array_literal",
                                                                            module: "module/test_parse_array_literal",
                                                                            start: 2,
                                                                            end: 3,
                                                                        },
                                                                        value: 1,
                                                                        ty: Unknown,
                                                                    },
                                                                ),
                                                            ),
                                                            ty: Unknown,
                                                        },
                                                    ),
                                                    Literal(
                                                        Integer(
                                                            IntegerLiteral {
                                                                span: Span {
                                                                    file: "test_parse_array_literal",
                                                                    module: "module/test_parse_array_literal",
                                                                    start: 5,
                                                                    end: 7,
                                                                },
                                                                value: 10,
                                                                ty: Unknown,
                                                            },
                                                        ),
                                                    ),
                                                    Unary(
                                                        UnaryExpression {
                                                            span: Span {
                                                                file: "test_parse_array_literal",
                                                                module: "module/test_parse_array_literal",
                                                                start: 9,
                                                                end: 11,
                                                            },
                                                            op: Minus(
                                                                Span {
                                                                    file: "test_parse_array_literal",
                                                                    module: "module/test_parse_array_literal",
                                                                    start: 9,
                                                                    end: 10,
                                                                },
                                                            ),
                                                            expr: Literal(
                                                                Integer(
                                                                    IntegerLiteral {
                                                                        span: Span {
                                                                            file: "test_parse_array_literal",
                                                                            module: "module/test_parse_array_literal",
                                                                            start: 10,
                                                                            end: 11,
                                                                        },
                                                                        value: 5,
                                                                        ty: Unknown,
                                                                    },
                                                                ),
                                                            ),
                                                            ty: Unknown,
                                                        },
                                                    ),
                                                    Literal(
                                                        String(
                                                            StringLiteral {
                                                                span: Span {
                                                                    file: "test_parse_array_literal",
                                                                    module: "module/test_parse_array_literal",
                                                                    start: 13,
                                                                    end: 19,
                                                                },
                                                                value: "test",
                                                                ty: Unknown,
                                                            },
                                                        ),
                                                    ),
                                                ],
                                                ty: Unknown,
                                            },
                                        ),
                                    ),
                                },
                            ),
                        ),
                    ],
                },
            },
        ],
    },
}
