---
source: jswt-parser/src/function.rs
expression: actual
---
Ast {
    program: Program {
        files: [
            File {
                span: Span {
                    file: "test_parse_function_with_multiple_annotations",
                    module: "module/test_parse_function_with_multiple_annotations",
                    start: 0,
                    end: 37,
                },
                source_elements: SourceElements {
                    span: Span {
                        file: "test_parse_function_with_multiple_annotations",
                        module: "module/test_parse_function_with_multiple_annotations",
                        start: 0,
                        end: 37,
                    },
                    source_elements: [
                        FunctionDeclaration(
                            FunctionDeclarationElement {
                                span: Span {
                                    file: "test_parse_function_with_multiple_annotations",
                                    module: "module/test_parse_function_with_multiple_annotations",
                                    start: 22,
                                    end: 37,
                                },
                                decorators: FunctionDecorators {
                                    annotations: [
                                        Annotation {
                                            span: Span {
                                                file: "test_parse_function_with_multiple_annotations",
                                                module: "module/test_parse_function_with_multiple_annotations",
                                                start: 0,
                                                end: 7,
                                            },
                                            name: Identifier {
                                                span: Span {
                                                    file: "test_parse_function_with_multiple_annotations",
                                                    module: "module/test_parse_function_with_multiple_annotations",
                                                    start: 1,
                                                    end: 7,
                                                },
                                                value: "inline",
                                            },
                                            expr: None,
                                        },
                                        Annotation {
                                            span: Span {
                                                file: "test_parse_function_with_multiple_annotations",
                                                module: "module/test_parse_function_with_multiple_annotations",
                                                start: 8,
                                                end: 21,
                                            },
                                            name: Identifier {
                                                span: Span {
                                                    file: "test_parse_function_with_multiple_annotations",
                                                    module: "module/test_parse_function_with_multiple_annotations",
                                                    start: 9,
                                                    end: 13,
                                                },
                                                value: "wast",
                                            },
                                            expr: Some(
                                                Literal(
                                                    String(
                                                        StringLiteral {
                                                            span: Span {
                                                                file: "test_parse_function_with_multiple_annotations",
                                                                module: "module/test_parse_function_with_multiple_annotations",
                                                                start: 14,
                                                                end: 20,
                                                            },
                                                            value: "test",
                                                            ty: Binding(
                                                                "String",
                                                            ),
                                                        },
                                                    ),
                                                ),
                                            ),
                                        },
                                    ],
                                    export: false,
                                },
                                ident: Identifier {
                                    span: Span {
                                        file: "test_parse_function_with_multiple_annotations",
                                        module: "module/test_parse_function_with_multiple_annotations",
                                        start: 31,
                                        end: 32,
                                    },
                                    value: "a",
                                },
                                params: FormalParameterList {
                                    span: Span {
                                        file: "test_parse_function_with_multiple_annotations",
                                        module: "module/test_parse_function_with_multiple_annotations",
                                        start: 32,
                                        end: 34,
                                    },
                                    parameters: [],
                                },
                                returns: None,
                                body: BlockStatement {
                                    span: Span {
                                        file: "test_parse_function_with_multiple_annotations",
                                        module: "module/test_parse_function_with_multiple_annotations",
                                        start: 35,
                                        end: 37,
                                    },
                                    statements: StatementList {
                                        statements: [],
                                    },
                                },
                            },
                        ),
                    ],
                },
            },
        ],
    },
}
