---
source: jswt-parser/src/lib.rs
expression: actual

---
Ast {
    program: Program {
        source_elements: SourceElements {
            source_elements: [
                FunctionDeclaration(
                    FunctionDeclarationElement {
                        span: Span {
                            file: "test.1",
                            start: 0,
                            end: 44,
                        },
                        decorators: FunctionDecorators {
                            annotations: [],
                            export: false,
                        },
                        ident: Identifier {
                            span: Span {
                                file: "test.1",
                                start: 9,
                                end: 13,
                            },
                            value: "exit",
                        },
                        params: FormalParameterList {
                            parameters: [
                                FormalParameterArg {
                                    ident: Identifier {
                                        span: Span {
                                            file: "test.1",
                                            start: 14,
                                            end: 18,
                                        },
                                        value: "code",
                                    },
                                    type_annotation: TypeAnnotation {
                                        span: Span {
                                            file: "test.1",
                                            start: 20,
                                            end: 27,
                                        },
                                        ty: Object(
                                            Array(
                                                Object(
                                                    Array(
                                                        Primitive(
                                                            I32,
                                                        ),
                                                    ),
                                                ),
                                            ),
                                        ),
                                    },
                                },
                            ],
                        },
                        returns: Some(
                            TypeAnnotation {
                                span: Span {
                                    file: "test.1",
                                    start: 30,
                                    end: 40,
                                },
                                ty: Object(
                                    Array(
                                        Object(
                                            Array(
                                                Object(
                                                    String,
                                                ),
                                            ),
                                        ),
                                    ),
                                ),
                            },
                        ),
                        body: FunctionBody {
                            span: Span {
                                file: "test.1",
                                start: 41,
                                end: 44,
                            },
                            source_elements: SourceElements {
                                source_elements: [],
                            },
                        },
                    },
                ),
            ],
        },
    },
}
