---
source: jswt-parser/src/lib.rs
expression: actual
---
Ast {
    program: Program {
        files: [
            File {
                span: Span {
                    file: "test_parse_if_else_if_statement",
                    module: "module/test_parse_if_else_if_statement",
                    start: 0,
                    end: 94,
                },
                source_elements: SourceElements {
                    span: Span {
                        file: "test_parse_if_else_if_statement",
                        module: "module/test_parse_if_else_if_statement",
                        start: 0,
                        end: 94,
                    },
                    source_elements: [
                        FunctionDeclaration(
                            FunctionDeclarationElement {
                                span: Span {
                                    file: "test_parse_if_else_if_statement",
                                    module: "module/test_parse_if_else_if_statement",
                                    start: 0,
                                    end: 94,
                                },
                                decorators: FunctionDecorators {
                                    annotations: [],
                                    export: false,
                                },
                                ident: Identifier {
                                    span: Span {
                                        file: "test_parse_if_else_if_statement",
                                        module: "module/test_parse_if_else_if_statement",
                                        start: 9,
                                        end: 13,
                                    },
                                    value: "main",
                                },
                                params: FormalParameterList {
                                    span: Span {
                                        file: "test_parse_if_else_if_statement",
                                        module: "module/test_parse_if_else_if_statement",
                                        start: 13,
                                        end: 15,
                                    },
                                    parameters: [],
                                },
                                returns: None,
                                body: BlockStatement {
                                    span: Span {
                                        file: "test_parse_if_else_if_statement",
                                        module: "module/test_parse_if_else_if_statement",
                                        start: 16,
                                        end: 94,
                                    },
                                    statements: StatementList {
                                        statements: [
                                            If(
                                                IfStatement {
                                                    span: Span {
                                                        file: "test_parse_if_else_if_statement",
                                                        module: "module/test_parse_if_else_if_statement",
                                                        start: 18,
                                                        end: 92,
                                                    },
                                                    condition: Equality(
                                                        BinaryExpression {
                                                            span: Span {
                                                                file: "test_parse_if_else_if_statement",
                                                                module: "module/test_parse_if_else_if_statement",
                                                                start: 21,
                                                                end: 27,
                                                            },
                                                            left: Identifier(
                                                                IdentifierExpression {
                                                                    span: Span {
                                                                        file: "test_parse_if_else_if_statement",
                                                                        module: "module/test_parse_if_else_if_statement",
                                                                        start: 21,
                                                                        end: 22,
                                                                    },
                                                                    ident: Identifier {
                                                                        span: Span {
                                                                            file: "test_parse_if_else_if_statement",
                                                                            module: "module/test_parse_if_else_if_statement",
                                                                            start: 21,
                                                                            end: 22,
                                                                        },
                                                                        value: "x",
                                                                    },
                                                                    ty: Unknown,
                                                                },
                                                            ),
                                                            op: Equal(
                                                                Span {
                                                                    file: "test_parse_if_else_if_statement",
                                                                    module: "module/test_parse_if_else_if_statement",
                                                                    start: 23,
                                                                    end: 25,
                                                                },
                                                            ),
                                                            right: Identifier(
                                                                IdentifierExpression {
                                                                    span: Span {
                                                                        file: "test_parse_if_else_if_statement",
                                                                        module: "module/test_parse_if_else_if_statement",
                                                                        start: 26,
                                                                        end: 27,
                                                                    },
                                                                    ident: Identifier {
                                                                        span: Span {
                                                                            file: "test_parse_if_else_if_statement",
                                                                            module: "module/test_parse_if_else_if_statement",
                                                                            start: 26,
                                                                            end: 27,
                                                                        },
                                                                        value: "y",
                                                                    },
                                                                    ty: Unknown,
                                                                },
                                                            ),
                                                            ty: Unknown,
                                                        },
                                                    ),
                                                    consequence: Block(
                                                        BlockStatement {
                                                            span: Span {
                                                                file: "test_parse_if_else_if_statement",
                                                                module: "module/test_parse_if_else_if_statement",
                                                                start: 29,
                                                                end: 42,
                                                            },
                                                            statements: StatementList {
                                                                statements: [
                                                                    Return(
                                                                        ReturnStatement {
                                                                            span: Span {
                                                                                file: "test_parse_if_else_if_statement",
                                                                                module: "module/test_parse_if_else_if_statement",
                                                                                start: 31,
                                                                                end: 40,
                                                                            },
                                                                            expression: Literal(
                                                                                Integer(
                                                                                    IntegerLiteral {
                                                                                        span: Span {
                                                                                            file: "test_parse_if_else_if_statement",
                                                                                            module: "module/test_parse_if_else_if_statement",
                                                                                            start: 38,
                                                                                            end: 39,
                                                                                        },
                                                                                        value: 0,
                                                                                        ty: Unknown,
                                                                                    },
                                                                                ),
                                                                            ),
                                                                        },
                                                                    ),
                                                                ],
                                                            },
                                                        },
                                                    ),
                                                    alternative: Some(
                                                        If(
                                                            IfStatement {
                                                                span: Span {
                                                                    file: "test_parse_if_else_if_statement",
                                                                    module: "module/test_parse_if_else_if_statement",
                                                                    start: 48,
                                                                    end: 92,
                                                                },
                                                                condition: Relational(
                                                                    BinaryExpression {
                                                                        span: Span {
                                                                            file: "test_parse_if_else_if_statement",
                                                                            module: "module/test_parse_if_else_if_statement",
                                                                            start: 52,
                                                                            end: 57,
                                                                        },
                                                                        left: Identifier(
                                                                            IdentifierExpression {
                                                                                span: Span {
                                                                                    file: "test_parse_if_else_if_statement",
                                                                                    module: "module/test_parse_if_else_if_statement",
                                                                                    start: 52,
                                                                                    end: 53,
                                                                                },
                                                                                ident: Identifier {
                                                                                    span: Span {
                                                                                        file: "test_parse_if_else_if_statement",
                                                                                        module: "module/test_parse_if_else_if_statement",
                                                                                        start: 52,
                                                                                        end: 53,
                                                                                    },
                                                                                    value: "x",
                                                                                },
                                                                                ty: Unknown,
                                                                            },
                                                                        ),
                                                                        op: Greater(
                                                                            Span {
                                                                                file: "test_parse_if_else_if_statement",
                                                                                module: "module/test_parse_if_else_if_statement",
                                                                                start: 54,
                                                                                end: 55,
                                                                            },
                                                                        ),
                                                                        right: Identifier(
                                                                            IdentifierExpression {
                                                                                span: Span {
                                                                                    file: "test_parse_if_else_if_statement",
                                                                                    module: "module/test_parse_if_else_if_statement",
                                                                                    start: 56,
                                                                                    end: 57,
                                                                                },
                                                                                ident: Identifier {
                                                                                    span: Span {
                                                                                        file: "test_parse_if_else_if_statement",
                                                                                        module: "module/test_parse_if_else_if_statement",
                                                                                        start: 56,
                                                                                        end: 57,
                                                                                    },
                                                                                    value: "y",
                                                                                },
                                                                                ty: Unknown,
                                                                            },
                                                                        ),
                                                                        ty: Unknown,
                                                                    },
                                                                ),
                                                                consequence: Block(
                                                                    BlockStatement {
                                                                        span: Span {
                                                                            file: "test_parse_if_else_if_statement",
                                                                            module: "module/test_parse_if_else_if_statement",
                                                                            start: 59,
                                                                            end: 72,
                                                                        },
                                                                        statements: StatementList {
                                                                            statements: [
                                                                                Return(
                                                                                    ReturnStatement {
                                                                                        span: Span {
                                                                                            file: "test_parse_if_else_if_statement",
                                                                                            module: "module/test_parse_if_else_if_statement",
                                                                                            start: 61,
                                                                                            end: 70,
                                                                                        },
                                                                                        expression: Literal(
                                                                                            Integer(
                                                                                                IntegerLiteral {
                                                                                                    span: Span {
                                                                                                        file: "test_parse_if_else_if_statement",
                                                                                                        module: "module/test_parse_if_else_if_statement",
                                                                                                        start: 68,
                                                                                                        end: 69,
                                                                                                    },
                                                                                                    value: 1,
                                                                                                    ty: Unknown,
                                                                                                },
                                                                                            ),
                                                                                        ),
                                                                                    },
                                                                                ),
                                                                            ],
                                                                        },
                                                                    },
                                                                ),
                                                                alternative: Some(
                                                                    Block(
                                                                        BlockStatement {
                                                                            span: Span {
                                                                                file: "test_parse_if_else_if_statement",
                                                                                module: "module/test_parse_if_else_if_statement",
                                                                                start: 78,
                                                                                end: 92,
                                                                            },
                                                                            statements: StatementList {
                                                                                statements: [
                                                                                    Return(
                                                                                        ReturnStatement {
                                                                                            span: Span {
                                                                                                file: "test_parse_if_else_if_statement",
                                                                                                module: "module/test_parse_if_else_if_statement",
                                                                                                start: 80,
                                                                                                end: 90,
                                                                                            },
                                                                                            expression: Unary(
                                                                                                UnaryExpression {
                                                                                                    span: Span {
                                                                                                        file: "test_parse_if_else_if_statement",
                                                                                                        module: "module/test_parse_if_else_if_statement",
                                                                                                        start: 87,
                                                                                                        end: 89,
                                                                                                    },
                                                                                                    op: Minus(
                                                                                                        Span {
                                                                                                            file: "test_parse_if_else_if_statement",
                                                                                                            module: "module/test_parse_if_else_if_statement",
                                                                                                            start: 87,
                                                                                                            end: 88,
                                                                                                        },
                                                                                                    ),
                                                                                                    expr: Literal(
                                                                                                        Integer(
                                                                                                            IntegerLiteral {
                                                                                                                span: Span {
                                                                                                                    file: "test_parse_if_else_if_statement",
                                                                                                                    module: "module/test_parse_if_else_if_statement",
                                                                                                                    start: 88,
                                                                                                                    end: 89,
                                                                                                                },
                                                                                                                value: 1,
                                                                                                                ty: Unknown,
                                                                                                            },
                                                                                                        ),
                                                                                                    ),
                                                                                                    ty: Unknown,
                                                                                                },
                                                                                            ),
                                                                                        },
                                                                                    ),
                                                                                ],
                                                                            },
                                                                        },
                                                                    ),
                                                                ),
                                                            },
                                                        ),
                                                    ),
                                                },
                                            ),
                                        ],
                                    },
                                },
                            },
                        ),
                    ],
                },
            },
        ],
    },
}
