---
source: jswt-parser/src/function.rs
expression: actual

---
Ast {
    program: Program {
        files: [
            File {
                span: Span {
                    file: "test_function_declaration_statement_with_export_decorator",
                    module: "module/test_function_declaration_statement_with_export_decorator",
                    start: 0,
                    end: 26,
                },
                source_elements: SourceElements {
                    span: Span {
                        file: "test_function_declaration_statement_with_export_decorator",
                        module: "module/test_function_declaration_statement_with_export_decorator",
                        start: 0,
                        end: 26,
                    },
                    source_elements: [
                        FunctionDeclaration(
                            FunctionDeclarationElement {
                                span: Span {
                                    file: "test_function_declaration_statement_with_export_decorator",
                                    module: "module/test_function_declaration_statement_with_export_decorator",
                                    start: 0,
                                    end: 26,
                                },
                                decorators: FunctionDecorators {
                                    annotations: [],
                                    export: true,
                                },
                                ident: Identifier {
                                    span: Span {
                                        file: "test_function_declaration_statement_with_export_decorator",
                                        module: "module/test_function_declaration_statement_with_export_decorator",
                                        start: 16,
                                        end: 20,
                                    },
                                    value: "test",
                                },
                                params: FormalParameterList {
                                    span: Span {
                                        file: "test_function_declaration_statement_with_export_decorator",
                                        module: "module/test_function_declaration_statement_with_export_decorator",
                                        start: 20,
                                        end: 22,
                                    },
                                    parameters: [],
                                },
                                returns: None,
                                body: BlockStatement {
                                    span: Span {
                                        file: "test_function_declaration_statement_with_export_decorator",
                                        module: "module/test_function_declaration_statement_with_export_decorator",
                                        start: 23,
                                        end: 26,
                                    },
                                    statements: StatementList {
                                        statements: [],
                                    },
                                },
                            },
                        ),
                    ],
                },
            },
        ],
    },
}
