---
source: jswt-parser/src/function.rs
expression: actual

---
Ast {
    program: Program {
        files: [
            File {
                span: Span {
                    file: "test_function_declaration_statement_with_return_value",
                    module: "module/test_function_declaration_statement_with_return_value",
                    start: 0,
                    end: 24,
                    [content]: "function test(): i32 { }",
                },
                source_elements: SourceElements {
                    span: Span {
                        file: "test_function_declaration_statement_with_return_value",
                        module: "module/test_function_declaration_statement_with_return_value",
                        start: 0,
                        end: 24,
                        [content]: "function test(): i32 { }",
                    },
                    source_elements: [
                        FunctionDeclaration(
                            FunctionDeclarationElement {
                                span: Span {
                                    file: "test_function_declaration_statement_with_return_value",
                                    module: "module/test_function_declaration_statement_with_return_value",
                                    start: 0,
                                    end: 24,
                                    [content]: "function test(): i32 { }",
                                },
                                decorators: FunctionDecorators {
                                    annotations: [],
                                    export: false,
                                },
                                ident: Identifier {
                                    span: Span {
                                        file: "test_function_declaration_statement_with_return_value",
                                        module: "module/test_function_declaration_statement_with_return_value",
                                        start: 9,
                                        end: 13,
                                        [content]: "test",
                                    },
                                    value: "test",
                                },
                                params: FormalParameterList {
                                    span: Span {
                                        file: "test_function_declaration_statement_with_return_value",
                                        module: "module/test_function_declaration_statement_with_return_value",
                                        start: 13,
                                        end: 15,
                                        [content]: "()",
                                    },
                                    parameters: [],
                                },
                                returns: Some(
                                    TypeAnnotation {
                                        span: Span {
                                            file: "test_function_declaration_statement_with_return_value",
                                            module: "module/test_function_declaration_statement_with_return_value",
                                            start: 17,
                                            end: 20,
                                            [content]: "i32",
                                        },
                                        ty: Primitive(
                                            I32,
                                        ),
                                    },
                                ),
                                body: BlockStatement {
                                    span: Span {
                                        file: "test_function_declaration_statement_with_return_value",
                                        module: "module/test_function_declaration_statement_with_return_value",
                                        start: 21,
                                        end: 24,
                                        [content]: "{ }",
                                    },
                                    statements: StatementList {
                                        statements: [],
                                    },
                                },
                            },
                        ),
                    ],
                },
            },
        ],
    },
}
