---
source: jswt-mir-lowering/src/class.rs
expression: lowered

---
Ast {
    program: Program {
        files: [
            File {
                span: Span {
                    file: "test_class_declaration_ignores_class_fields",
                    module: "module/test_class_declaration_ignores_class_fields",
                    start: 9,
                    end: 86,
                },
                source_elements: SourceElements {
                    span: Span {
                        file: "test_class_declaration_ignores_class_fields",
                        module: "module/test_class_declaration_ignores_class_fields",
                        start: 9,
                        end: 86,
                    },
                    source_elements: [],
                },
            },
        ],
    },
}
