---
source: jswt-tokenizer/src/lib.rs
expression: actual

---
[
    Token {
        kind: Let,
        span: Span {
            file: "test_mutiline_comment_is_non_greedy",
            module: "module/test_mutiline_comment_is_non_greedy",
            start: 13,
            end: 16,
            [content]: "let",
        },
    },
    Token {
        kind: Identifier,
        span: Span {
            file: "test_mutiline_comment_is_non_greedy",
            module: "module/test_mutiline_comment_is_non_greedy",
            start: 17,
            end: 20,
            [content]: "arr",
        },
    },
    Token {
        kind: Equal,
        span: Span {
            file: "test_mutiline_comment_is_non_greedy",
            module: "module/test_mutiline_comment_is_non_greedy",
            start: 21,
            end: 22,
            [content]: "=",
        },
    },
    Token {
        kind: LeftBracket,
        span: Span {
            file: "test_mutiline_comment_is_non_greedy",
            module: "module/test_mutiline_comment_is_non_greedy",
            start: 23,
            end: 24,
            [content]: "[",
        },
    },
    Token {
        kind: Integer,
        span: Span {
            file: "test_mutiline_comment_is_non_greedy",
            module: "module/test_mutiline_comment_is_non_greedy",
            start: 24,
            end: 25,
            [content]: "1",
        },
    },
    Token {
        kind: Comma,
        span: Span {
            file: "test_mutiline_comment_is_non_greedy",
            module: "module/test_mutiline_comment_is_non_greedy",
            start: 25,
            end: 26,
            [content]: ",",
        },
    },
    Token {
        kind: Integer,
        span: Span {
            file: "test_mutiline_comment_is_non_greedy",
            module: "module/test_mutiline_comment_is_non_greedy",
            start: 27,
            end: 28,
            [content]: "2",
        },
    },
    Token {
        kind: Comma,
        span: Span {
            file: "test_mutiline_comment_is_non_greedy",
            module: "module/test_mutiline_comment_is_non_greedy",
            start: 28,
            end: 29,
            [content]: ",",
        },
    },
    Token {
        kind: Integer,
        span: Span {
            file: "test_mutiline_comment_is_non_greedy",
            module: "module/test_mutiline_comment_is_non_greedy",
            start: 30,
            end: 31,
            [content]: "3",
        },
    },
    Token {
        kind: RightBracket,
        span: Span {
            file: "test_mutiline_comment_is_non_greedy",
            module: "module/test_mutiline_comment_is_non_greedy",
            start: 31,
            end: 32,
            [content]: "]",
        },
    },
    Token {
        kind: Semi,
        span: Span {
            file: "test_mutiline_comment_is_non_greedy",
            module: "module/test_mutiline_comment_is_non_greedy",
            start: 32,
            end: 33,
            [content]: ";",
        },
    },
    Token {
        kind: Let,
        span: Span {
            file: "test_mutiline_comment_is_non_greedy",
            module: "module/test_mutiline_comment_is_non_greedy",
            start: 51,
            end: 54,
            [content]: "let",
        },
    },
    Token {
        kind: Identifier,
        span: Span {
            file: "test_mutiline_comment_is_non_greedy",
            module: "module/test_mutiline_comment_is_non_greedy",
            start: 55,
            end: 58,
            [content]: "arr",
        },
    },
    Token {
        kind: Equal,
        span: Span {
            file: "test_mutiline_comment_is_non_greedy",
            module: "module/test_mutiline_comment_is_non_greedy",
            start: 59,
            end: 60,
            [content]: "=",
        },
    },
    Token {
        kind: LeftBracket,
        span: Span {
            file: "test_mutiline_comment_is_non_greedy",
            module: "module/test_mutiline_comment_is_non_greedy",
            start: 61,
            end: 62,
            [content]: "[",
        },
    },
    Token {
        kind: Integer,
        span: Span {
            file: "test_mutiline_comment_is_non_greedy",
            module: "module/test_mutiline_comment_is_non_greedy",
            start: 62,
            end: 63,
            [content]: "1",
        },
    },
    Token {
        kind: Comma,
        span: Span {
            file: "test_mutiline_comment_is_non_greedy",
            module: "module/test_mutiline_comment_is_non_greedy",
            start: 63,
            end: 64,
            [content]: ",",
        },
    },
    Token {
        kind: Integer,
        span: Span {
            file: "test_mutiline_comment_is_non_greedy",
            module: "module/test_mutiline_comment_is_non_greedy",
            start: 65,
            end: 66,
            [content]: "2",
        },
    },
    Token {
        kind: Comma,
        span: Span {
            file: "test_mutiline_comment_is_non_greedy",
            module: "module/test_mutiline_comment_is_non_greedy",
            start: 66,
            end: 67,
            [content]: ",",
        },
    },
    Token {
        kind: Integer,
        span: Span {
            file: "test_mutiline_comment_is_non_greedy",
            module: "module/test_mutiline_comment_is_non_greedy",
            start: 68,
            end: 69,
            [content]: "3",
        },
    },
    Token {
        kind: RightBracket,
        span: Span {
            file: "test_mutiline_comment_is_non_greedy",
            module: "module/test_mutiline_comment_is_non_greedy",
            start: 69,
            end: 70,
            [content]: "]",
        },
    },
    Token {
        kind: Semi,
        span: Span {
            file: "test_mutiline_comment_is_non_greedy",
            module: "module/test_mutiline_comment_is_non_greedy",
            start: 70,
            end: 71,
            [content]: ";",
        },
    },
    Token {
        kind: Eof,
        span: Span {
            file: "test_mutiline_comment_is_non_greedy",
            module: "module/test_mutiline_comment_is_non_greedy",
            start: 71,
            end: 71,
            [content]: "",
        },
    },
]
