---
source: jswt-tokenizer/src/lib.rs
expression: actual

---
[
    Token {
        kind: Identifier,
        span: Span {
            file: "test_tokenize_plus_plus_and_minus_minus",
            module: "module/test_tokenize_plus_plus_and_minus_minus",
            start: 0,
            end: 1,
            [content]: "x",
        },
    },
    Token {
        kind: PlusPlus,
        span: Span {
            file: "test_tokenize_plus_plus_and_minus_minus",
            module: "module/test_tokenize_plus_plus_and_minus_minus",
            start: 1,
            end: 3,
            [content]: "++",
        },
    },
    Token {
        kind: Semi,
        span: Span {
            file: "test_tokenize_plus_plus_and_minus_minus",
            module: "module/test_tokenize_plus_plus_and_minus_minus",
            start: 3,
            end: 4,
            [content]: ";",
        },
    },
    Token {
        kind: Identifier,
        span: Span {
            file: "test_tokenize_plus_plus_and_minus_minus",
            module: "module/test_tokenize_plus_plus_and_minus_minus",
            start: 5,
            end: 6,
            [content]: "y",
        },
    },
    Token {
        kind: MinusMinus,
        span: Span {
            file: "test_tokenize_plus_plus_and_minus_minus",
            module: "module/test_tokenize_plus_plus_and_minus_minus",
            start: 6,
            end: 8,
            [content]: "--",
        },
    },
    Token {
        kind: Eof,
        span: Span {
            file: "test_tokenize_plus_plus_and_minus_minus",
            module: "module/test_tokenize_plus_plus_and_minus_minus",
            start: 8,
            end: 8,
            [content]: "",
        },
    },
]
