---
source: jswt-tokenizer/src/lib.rs
expression: actual

---
[
    Token {
        file: "test.1",
        lexme: "while",
        offset: 0,
        kind: While,
    },
    Token {
        file: "test.1",
        lexme: "(",
        offset: 5,
        kind: LeftParen,
    },
    Token {
        file: "test.1",
        lexme: "x",
        offset: 6,
        kind: Identifier,
    },
    Token {
        file: "test.1",
        lexme: "==",
        offset: 8,
        kind: EqualEqual,
    },
    Token {
        file: "test.1",
        lexme: "99",
        offset: 11,
        kind: Number,
    },
    Token {
        file: "test.1",
        lexme: ")",
        offset: 13,
        kind: RightParen,
    },
    Token {
        file: "test.1",
        lexme: "{",
        offset: 15,
        kind: LeftBrace,
    },
    Token {
        file: "test.1",
        lexme: "print",
        offset: 17,
        kind: Identifier,
    },
    Token {
        file: "test.1",
        lexme: "(",
        offset: 22,
        kind: LeftParen,
    },
    Token {
        file: "test.1",
        lexme: "\"test\"",
        offset: 23,
        kind: String,
    },
    Token {
        file: "test.1",
        lexme: ")",
        offset: 29,
        kind: RightParen,
    },
    Token {
        file: "test.1",
        lexme: ";",
        offset: 30,
        kind: Semi,
    },
    Token {
        file: "test.1",
        lexme: "}",
        offset: 32,
        kind: RightBrace,
    },
]
