---
source: jswt-tokenizer/src/lib.rs
expression: actual

---
[
    Token {
        kind: While,
        span: Span {
            file: "test_tokenize_while_loop",
            module: "module/test_tokenize_while_loop",
            start: 0,
            end: 5,
            [content]: "while",
        },
    },
    Token {
        kind: LeftParen,
        span: Span {
            file: "test_tokenize_while_loop",
            module: "module/test_tokenize_while_loop",
            start: 5,
            end: 6,
            [content]: "(",
        },
    },
    Token {
        kind: Identifier,
        span: Span {
            file: "test_tokenize_while_loop",
            module: "module/test_tokenize_while_loop",
            start: 6,
            end: 7,
            [content]: "x",
        },
    },
    Token {
        kind: EqualEqual,
        span: Span {
            file: "test_tokenize_while_loop",
            module: "module/test_tokenize_while_loop",
            start: 8,
            end: 10,
            [content]: "==",
        },
    },
    Token {
        kind: Integer,
        span: Span {
            file: "test_tokenize_while_loop",
            module: "module/test_tokenize_while_loop",
            start: 11,
            end: 13,
            [content]: "99",
        },
    },
    Token {
        kind: RightParen,
        span: Span {
            file: "test_tokenize_while_loop",
            module: "module/test_tokenize_while_loop",
            start: 13,
            end: 14,
            [content]: ")",
        },
    },
    Token {
        kind: LeftBrace,
        span: Span {
            file: "test_tokenize_while_loop",
            module: "module/test_tokenize_while_loop",
            start: 15,
            end: 16,
            [content]: "{",
        },
    },
    Token {
        kind: Identifier,
        span: Span {
            file: "test_tokenize_while_loop",
            module: "module/test_tokenize_while_loop",
            start: 17,
            end: 22,
            [content]: "print",
        },
    },
    Token {
        kind: LeftParen,
        span: Span {
            file: "test_tokenize_while_loop",
            module: "module/test_tokenize_while_loop",
            start: 22,
            end: 23,
            [content]: "(",
        },
    },
    Token {
        kind: String,
        span: Span {
            file: "test_tokenize_while_loop",
            module: "module/test_tokenize_while_loop",
            start: 23,
            end: 29,
            [content]: "\"test\"",
        },
    },
    Token {
        kind: RightParen,
        span: Span {
            file: "test_tokenize_while_loop",
            module: "module/test_tokenize_while_loop",
            start: 29,
            end: 30,
            [content]: ")",
        },
    },
    Token {
        kind: Semi,
        span: Span {
            file: "test_tokenize_while_loop",
            module: "module/test_tokenize_while_loop",
            start: 30,
            end: 31,
            [content]: ";",
        },
    },
    Token {
        kind: RightBrace,
        span: Span {
            file: "test_tokenize_while_loop",
            module: "module/test_tokenize_while_loop",
            start: 32,
            end: 33,
            [content]: "}",
        },
    },
    Token {
        kind: Eof,
        span: Span {
            file: "test_tokenize_while_loop",
            module: "module/test_tokenize_while_loop",
            start: 33,
            end: 33,
            [content]: "",
        },
    },
]
