---
source: jswt-tokenizer/src/lib.rs
expression: actual

---
[
    Token {
        kind: Let,
        span: Span {
            file: "test_tokenize_array",
            module: "module/test_tokenize_array",
            start: 0,
            end: 3,
            [content]: "let",
        },
    },
    Token {
        kind: Identifier,
        span: Span {
            file: "test_tokenize_array",
            module: "module/test_tokenize_array",
            start: 4,
            end: 7,
            [content]: "arr",
        },
    },
    Token {
        kind: Equal,
        span: Span {
            file: "test_tokenize_array",
            module: "module/test_tokenize_array",
            start: 8,
            end: 9,
            [content]: "=",
        },
    },
    Token {
        kind: LeftBracket,
        span: Span {
            file: "test_tokenize_array",
            module: "module/test_tokenize_array",
            start: 10,
            end: 11,
            [content]: "[",
        },
    },
    Token {
        kind: Integer,
        span: Span {
            file: "test_tokenize_array",
            module: "module/test_tokenize_array",
            start: 11,
            end: 12,
            [content]: "1",
        },
    },
    Token {
        kind: Comma,
        span: Span {
            file: "test_tokenize_array",
            module: "module/test_tokenize_array",
            start: 12,
            end: 13,
            [content]: ",",
        },
    },
    Token {
        kind: Integer,
        span: Span {
            file: "test_tokenize_array",
            module: "module/test_tokenize_array",
            start: 14,
            end: 15,
            [content]: "2",
        },
    },
    Token {
        kind: Comma,
        span: Span {
            file: "test_tokenize_array",
            module: "module/test_tokenize_array",
            start: 15,
            end: 16,
            [content]: ",",
        },
    },
    Token {
        kind: Integer,
        span: Span {
            file: "test_tokenize_array",
            module: "module/test_tokenize_array",
            start: 17,
            end: 18,
            [content]: "3",
        },
    },
    Token {
        kind: RightBracket,
        span: Span {
            file: "test_tokenize_array",
            module: "module/test_tokenize_array",
            start: 18,
            end: 19,
            [content]: "]",
        },
    },
    Token {
        kind: Semi,
        span: Span {
            file: "test_tokenize_array",
            module: "module/test_tokenize_array",
            start: 19,
            end: 20,
            [content]: ";",
        },
    },
    Token {
        kind: Eof,
        span: Span {
            file: "test_tokenize_array",
            module: "module/test_tokenize_array",
            start: 20,
            end: 20,
            [content]: "",
        },
    },
]
