---
source: jswt-semantics/src/locals/class.rs
expression: local
---
LocalSemanticResolver {
    symbols: SimpleSymbolTable {
        table: [
            {
                "Test": Class,
            },
        ],
    },
    bindings: BindingsTable {
        bindings: {
            "Test": ClassBinding {
                name: "Test",
                fields: [],
                methods: [
                    Method {
                        name: "method",
                        signature: FunctionSignature {
                            params: [
                                Binding(
                                    "i32",
                                ),
                                Binding(
                                    "i32",
                                ),
                            ],
                            returns: Binding(
                                "void",
                            ),
                        },
                    },
                ],
            },
        },
    },
    errors: [],
}
